/* Dihasilkan oleh tools/gen_exports.py - JANGAN DIEDIT MANUAL. */
ORYON_1.0 {
  global:
    glXGetProcAddress;
    glXGetProcAddressARB;
    eglGetProcAddress;
    OSMesaGetProcAddress;
    glActiveTexture;
    glActiveTextureARB;
    glAlphaFunc;
    glAttachObjectARB;
    glAttachShader;
    glBegin;
    glBeginQuery;
    glBindAttribLocation;
    glBindBuffer;
    glBindBufferARB;
    glBindFramebuffer;
    glBindFramebufferEXT;
    glBindRenderbuffer;
    glBindRenderbufferEXT;
    glBindTexture;
    glBlendColor;
    glBlendEquation;
    glBlendEquationSeparate;
    glBlendFunc;
    glBlendFuncSeparate;
    glBlendFuncSeparateEXT;
    glBlitFramebuffer;
    glBufferData;
    glBufferDataARB;
    glBufferSubData;
    glCallList;
    glCheckFramebufferStatus;
    glCheckFramebufferStatusEXT;
    glClear;
    glClearColor;
    glClearDepth;
    glClientActiveTexture;
    glClientActiveTextureARB;
    glColor4f;
    glColorMask;
    glColorMaterial;
    glColorPointer;
    glCompileShader;
    glCompileShaderARB;
    glCompressedTexImage1D;
    glCompressedTexImage2D;
    glCompressedTexImage3D;
    glCompressedTexSubImage1D;
    glCompressedTexSubImage2D;
    glCompressedTexSubImage3D;
    glCopyTexSubImage2D;
    glCopyTexSubImage3D;
    glCreateProgram;
    glCreateProgramObjectARB;
    glCreateShader;
    glCreateShaderObjectARB;
    glCullFace;
    glDeleteBuffers;
    glDeleteBuffersARB;
    glDeleteFramebuffers;
    glDeleteFramebuffersEXT;
    glDeleteLists;
    glDeleteObjectARB;
    glDeleteProgram;
    glDeleteQueries;
    glDeleteRenderbuffers;
    glDeleteRenderbuffersEXT;
    glDeleteShader;
    glDeleteTextures;
    glDepthFunc;
    glDepthMask;
    glDetachShader;
    glDisable;
    glDisableClientState;
    glDisableVertexAttribArray;
    glDrawArrays;
    glDrawBuffers;
    glDrawRangeElements;
    glEnable;
    glEnableClientState;
    glEnableVertexAttribArray;
    glEnd;
    glEndList;
    glEndQuery;
    glFogCoordPointer;
    glFogCoordd;
    glFogCoorddv;
    glFogCoordf;
    glFogCoordfv;
    glFogf;
    glFogfv;
    glFogi;
    glFramebufferRenderbuffer;
    glFramebufferRenderbufferEXT;
    glFramebufferTexture1D;
    glFramebufferTexture2D;
    glFramebufferTexture2DEXT;
    glFramebufferTexture3D;
    glFramebufferTextureLayer;
    glGenBuffers;
    glGenBuffersARB;
    glGenFramebuffers;
    glGenFramebuffersEXT;
    glGenLists;
    glGenQueries;
    glGenRenderbuffers;
    glGenRenderbuffersEXT;
    glGenTextures;
    glGenerateMipmap;
    glGetActiveAttrib;
    glGetActiveUniform;
    glGetAttachedShaders;
    glGetAttribLocation;
    glGetAttribLocationARB;
    glGetBufferParameteriv;
    glGetBufferPointerv;
    glGetBufferSubData;
    glGetCompressedTexImage;
    glGetError;
    glGetFloatv;
    glGetFramebufferAttachmentParameteriv;
    glGetInfoLogARB;
    glGetIntegerv;
    glGetObjectParameterivARB;
    glGetProgramInfoLog;
    glGetProgramiv;
    glGetQueryObjectiv;
    glGetQueryObjectuiv;
    glGetQueryiv;
    glGetRenderbufferParameteriv;
    glGetShaderInfoLog;
    glGetShaderSource;
    glGetShaderiv;
    glGetString;
    glGetTexImage;
    glGetTexLevelParameteriv;
    glGetUniformLocation;
    glGetUniformLocationARB;
    glGetUniformfv;
    glGetUniformiv;
    glGetVertexAttribPointerv;
    glGetVertexAttribdv;
    glGetVertexAttribfv;
    glGetVertexAttribiv;
    glIsBuffer;
    glIsFramebuffer;
    glIsProgram;
    glIsQuery;
    glIsRenderbuffer;
    glIsShader;
    glLightModelfv;
    glLightfv;
    glLineWidth;
    glLinkProgram;
    glLinkProgramARB;
    glLoadIdentity;
    glLoadTransposeMatrixd;
    glLoadTransposeMatrixf;
    glLogicOp;
    glMapBuffer;
    glMatrixMode;
    glMultMatrixf;
    glMultTransposeMatrixd;
    glMultTransposeMatrixf;
    glMultiDrawArrays;
    glMultiDrawElements;
    glMultiTexCoord1d;
    glMultiTexCoord1dv;
    glMultiTexCoord1f;
    glMultiTexCoord1fv;
    glMultiTexCoord1i;
    glMultiTexCoord1iv;
    glMultiTexCoord1s;
    glMultiTexCoord1sv;
    glMultiTexCoord2d;
    glMultiTexCoord2dv;
    glMultiTexCoord2f;
    glMultiTexCoord2fARB;
    glMultiTexCoord2fv;
    glMultiTexCoord2i;
    glMultiTexCoord2iv;
    glMultiTexCoord2s;
    glMultiTexCoord2sv;
    glMultiTexCoord3d;
    glMultiTexCoord3dv;
    glMultiTexCoord3f;
    glMultiTexCoord3fv;
    glMultiTexCoord3i;
    glMultiTexCoord3iv;
    glMultiTexCoord3s;
    glMultiTexCoord3sv;
    glMultiTexCoord4d;
    glMultiTexCoord4dv;
    glMultiTexCoord4f;
    glMultiTexCoord4fv;
    glMultiTexCoord4i;
    glMultiTexCoord4iv;
    glMultiTexCoord4s;
    glMultiTexCoord4sv;
    glNewList;
    glNormal3f;
    glNormalPointer;
    glOrtho;
    glPixelStorei;
    glPointParameterf;
    glPointParameterfv;
    glPointParameteri;
    glPointParameteriv;
    glPolygonMode;
    glPolygonOffset;
    glPopAttrib;
    glPopMatrix;
    glPushAttrib;
    glPushMatrix;
    glReadPixels;
    glRenderbufferStorage;
    glRenderbufferStorageEXT;
    glRenderbufferStorageMultisample;
    glRotatef;
    glSampleCoverage;
    glScaled;
    glScalef;
    glSecondaryColor3b;
    glSecondaryColor3bv;
    glSecondaryColor3d;
    glSecondaryColor3dv;
    glSecondaryColor3f;
    glSecondaryColor3fv;
    glSecondaryColor3i;
    glSecondaryColor3iv;
    glSecondaryColor3s;
    glSecondaryColor3sv;
    glSecondaryColor3ub;
    glSecondaryColor3ubv;
    glSecondaryColor3ui;
    glSecondaryColor3uiv;
    glSecondaryColor3us;
    glSecondaryColor3usv;
    glSecondaryColorPointer;
    glShadeModel;
    glShaderSource;
    glShaderSourceARB;
    glStencilFuncSeparate;
    glStencilMaskSeparate;
    glStencilOpSeparate;
    glTexCoord2f;
    glTexCoordPointer;
    glTexEnvf;
    glTexEnvfv;
    glTexEnvi;
    glTexGenfv;
    glTexGeni;
    glTexImage2D;
    glTexImage3D;
    glTexParameterf;
    glTexParameteri;
    glTexSubImage2D;
    glTexSubImage3D;
    glTranslated;
    glTranslatef;
    glUniform1f;
    glUniform1fv;
    glUniform1fvARB;
    glUniform1i;
    glUniform1iARB;
    glUniform1iv;
    glUniform1ivARB;
    glUniform2f;
    glUniform2fv;
    glUniform2fvARB;
    glUniform2i;
    glUniform2iv;
    glUniform2ivARB;
    glUniform3f;
    glUniform3fv;
    glUniform3fvARB;
    glUniform3i;
    glUniform3iv;
    glUniform3ivARB;
    glUniform4f;
    glUniform4fv;
    glUniform4fvARB;
    glUniform4i;
    glUniform4iv;
    glUniform4ivARB;
    glUniformMatrix2fv;
    glUniformMatrix2fvARB;
    glUniformMatrix2x3fv;
    glUniformMatrix2x4fv;
    glUniformMatrix3fv;
    glUniformMatrix3fvARB;
    glUniformMatrix3x2fv;
    glUniformMatrix3x4fv;
    glUniformMatrix4fv;
    glUniformMatrix4fvARB;
    glUniformMatrix4x2fv;
    glUniformMatrix4x3fv;
    glUnmapBuffer;
    glUseProgram;
    glUseProgramObjectARB;
    glValidateProgram;
    glVertex3f;
    glVertexAttrib1d;
    glVertexAttrib1dv;
    glVertexAttrib1f;
    glVertexAttrib1fv;
    glVertexAttrib1s;
    glVertexAttrib1sv;
    glVertexAttrib2d;
    glVertexAttrib2dv;
    glVertexAttrib2f;
    glVertexAttrib2fv;
    glVertexAttrib2s;
    glVertexAttrib2sv;
    glVertexAttrib3d;
    glVertexAttrib3dv;
    glVertexAttrib3f;
    glVertexAttrib3fv;
    glVertexAttrib3s;
    glVertexAttrib3sv;
    glVertexAttrib4Nbv;
    glVertexAttrib4Niv;
    glVertexAttrib4Nsv;
    glVertexAttrib4Nub;
    glVertexAttrib4Nubv;
    glVertexAttrib4Nuiv;
    glVertexAttrib4Nusv;
    glVertexAttrib4bv;
    glVertexAttrib4d;
    glVertexAttrib4dv;
    glVertexAttrib4f;
    glVertexAttrib4fv;
    glVertexAttrib4iv;
    glVertexAttrib4s;
    glVertexAttrib4sv;
    glVertexAttrib4ubv;
    glVertexAttrib4uiv;
    glVertexAttrib4usv;
    glVertexAttribPointer;
    glVertexPointer;
    glViewport;
    glWindowPos2d;
    glWindowPos2dv;
    glWindowPos2f;
    glWindowPos2fv;
    glWindowPos2i;
    glWindowPos2iv;
    glWindowPos2s;
    glWindowPos2sv;
    glWindowPos3d;
    glWindowPos3dv;
    glWindowPos3f;
    glWindowPos3fv;
    glWindowPos3i;
    glWindowPos3iv;
    glWindowPos3s;
    glWindowPos3sv;
  local:
    *;
};
